.
├── a.txt
└── c
    └── a.txt

2 directories, 2 files
