.
├── b.pdf
└── c
    └── b.pdf

2 directories, 2 files
