.
└── a
    └── b
        └── c

4 directories, 0 files
