.
├── b.pdf
├── c.docx
└── d
    ├── b.pdf
    └── c.docx

2 directories, 4 files
