a
└── a.txt
b
├── a.txt
└── b.txt

2 directories, 3 files
