.
├── a.pdf
├── c.doc
├── d.docx
├── e.js
├── f.jsx
├── g.ts
├── h.tsx
└── i.y

1 directory, 8 files
