.
├── a.txt
└── d
    └── a.txt

2 directories, 2 files
