.
├── .a
├── .c.txt
├── b
└── d.txt

3 directories, 2 files
